=== Compiling 26 C sources ===
  kernel\core\main.c
  kernel\core\klib.c
  kernel\core\perf.c
  kernel\sched\tensor_sched.c
  kernel\mm\tensor_mm.c
  kernel\drivers\gpu\gpu.c
  kernel\drivers\tpu\tpu.c
  kernel\fs\git.c
  kernel\fs\tensorfs.c
  kernel\security\sandbox.c
  kernel\ipc\tensor_ipc.c
  virt\virt.c
  runtime\pseudocode\pseudocode_jit.c
  runtime\tensor\tensor_engine.c
  runtime\tensor\tensor_cpu.c
  runtime\jit\x86_jit.c
  runtime\nn\inference.c
  runtime\nn\quantize.c
  runtime\nn\evolution.c
  runtime\nn\train.c
  runtime\nn\speculative.c
  pkg\modelpkg.c
  userland\shell\aishell.c
  userland\monitor\tensor_monitor.c
  userland\deploy\deploy_service.c
  userland\train\train_service.c
=== Assembling entry64.asm ===
=== Linking kernel64.elf ===
=== Creating kernel64.bin ===
  kernel64.bin: 262160 bytes
=== Building multiboot stub ===
=== Linking tensoros.elf ===
=== Build complete: tensoros.elf (283672 bytes) ===

=== Booting TensorOS in QEMU ===
